src/components/game/ComplimentEffect.tsx(6,55): error TS2339: Property 'comboActive' does not exist on type 'GameState'.
src/components/game/ComplimentEffect.tsx(7,49): error TS2551: Property 'player1Position' does not exist on type 'GameState'. Did you mean 'playerPosition'?
src/components/game/ComplimentEffect.tsx(8,49): error TS2551: Property 'player2Position' does not exist on type 'GameState'. Did you mean 'playerPosition'?
